
> zetara@0.1.0 build
> next build

   ??Next.js 16.0.3 (Turbopack)

node.exe :  ??The "middleware" file convention is deprecated. Please use "proxy" instead. Learn more: https://nextjs.org/docs/messages/middleware-to-proxy
위치 C:\Program Files\nodejs\npm.ps1:29 문자:3
+   & $NODE_EXE $NPM_CLI_JS $args
+   ~~~~~~~~~~~~~~~~~~~~~~~~~~~~~
    + CategoryInfo          : NotSpecified: ( ??Th    e "middlew...leware-to-proxy:String) [], Remot    eException
    + FullyQualifiedErrorId : NativeCommandError
 
   Creating an optimized production build ...
 ??Compiled successfully in 1728.5ms
   Running TypeScript ...
Failed to compile.

./src/lib/canvas/shapes/utils.ts:41:20
Type error: Conversion of type '{ from: { type: string; x: number; y: number; }; to: { type: string; x: number; y: number; }; strokeWidth: number; color: string; arrowheadStart: "none"; arrowheadEnd: "arrow"; bend: number; }' to type 'ShapePropsMap[T]' may be a mistake because neither type sufficiently overlaps with the other. If this was intentional, convert the expression to 'unknown' fir
st.
  Type '{ from: { type: string; x: number; y: number; }; to: { type: string; x: number; y: number; }; strokeWidth: number; color: string; arrowheadStart: "none"; arrowheadEnd: "arrow"; bend: number; }' is not comparable to type 'TextShapeProps & RectShapeProps & CircleShapeProps & ArrowShapeProps & ImageShapeProps & PointerShapeProps'.
    Type '{ from: { type: string; x: number; y: number; }; to: { type: string; x: number; y: number; }; strokeWidth: number; color: string; arrowheadStart: "none"; arrowheadEnd: "arrow"; bend: number; }' is missing the following properties from type 'TextShapeProps': text, fontSize, fontFamily, textAlign

[0m [90m 39 |[39m             } [36mas[39m [33mShapePropsMap[39m[[33mT[39m]
 [90m 40 |[39m         [36mcase[39m [32m'arrow'[39m[33m:[39m
[31m[1m>[22m[39m[90m 41 |[39m             [36mreturn[39m {
 [90m    |[39m                    [31m[1m^[22m[39m
 [90m 42 |[39m                 [36mfrom[39m[33m:[39m { type[33m:[39m [32m'point'[39m[33m,[39m x[33m:[39m [35m0[39m[33m,[39m y[33m:[39m [35m0[39m }[33m,[39m
 [90m 43 |[39m                 to[33m:[39m { type[33m:[39m [32m'point'[39m[33m,[39m x[33m:[39m [35m100[39m[33m,[39m y[33m:[39m [35m0[39m }[33m,[39m
 [90m 44 |[39m                 strokeWidth[33m:[39m [35m2[39m[33m,[39m[0m
Next.js build worker exited with code: 1 and signal: null
